Using cache found in /home/ucluser/.cache/torch/hub/facebookresearch_dinov2_main
/home/ucluser/.cache/torch/hub/facebookresearch_dinov2_main/dinov2/layers/swiglu_ffn.py:43: UserWarning: xFormers is available (SwiGLU)
  warnings.warn("xFormers is available (SwiGLU)")
/home/ucluser/.cache/torch/hub/facebookresearch_dinov2_main/dinov2/layers/attention.py:27: UserWarning: xFormers is available (Attention)
  warnings.warn("xFormers is available (Attention)")
/home/ucluser/.cache/torch/hub/facebookresearch_dinov2_main/dinov2/layers/block.py:33: UserWarning: xFormers is available (Block)
  warnings.warn("xFormers is available (Block)")
[measure] device: cuda
[measure] Loading checkpoint: checkpoints/v4/libero_goal/run_3/intention_best.pt
[measure] Inferred flags from state_dict: {'use_intent_tokens': False, 'use_memory_bank': False, 'use_history': False, 'compressed_dim': 8}
[measure] use_intent_tokens=False, num_intent_tokens=2, intent_dim=512
[measure] model loaded (116.0M params)
[measure] Building random batch: B=1, T=10, V=2, 224x224

[measure] === Per-step latency (B=1, T=10) ===
  mean_ms: 135.591
  std_ms: 0.907
  min_ms: 134.060
  max_ms: 137.801
  median_ms: 135.389
  p95_ms: 137.293
  n_runs: 100
  effective control rate: 7.4 Hz

[measure] Results saved to results/inference_speed/run_3/results.json
[measure] Plots:    results/inference_speed/run_3
